// Jest Snapshot v1, https://goo.gl/fbAQLP

exports[`Button valid snapshot 1`] = `
<button
  className=""
  type="button"
>
  Test
</button>
`;

exports[`PrakticeRoot has valid snapshot 1`] = `
<div
  className="page"
>
  <div
    className="interactions"
  >
    <form
      onSubmit={[Function]}
    >
      <input
        onChange={[Function]}
        type="text"
        value="redux"
      />
      <button>
        Find
      </button>
    </form>
  </div>
  <div
    className="interactions"
  >
    <button
      className=""
      onClick={[Function]}
      type="button"
    >
      More
    </button>
  </div>
</div>
`;

exports[`Search valid snapshot 1`] = `
<form>
  <input
    type="text"
  />
  <button>
    Test
  </button>
</form>
`;

exports[`Table snapshot valid 1`] = `
<div
  className="table"
>
  <div
    className="table-row"
  >
    <span>
      <a>
        1
      </a>
    </span>
    <span>
      1
    </span>
    <span>
      1
    </span>
    <span>
      2
    </span>
    <span>
      <button
        className="button-inline"
        onClick={[Function]}
        type="button"
      >
        Dismiss
      </button>
    </span>
  </div>
  <div
    className="table-row"
  >
    <span>
      <a>
        2
      </a>
    </span>
    <span>
      2
    </span>
    <span>
      1
    </span>
    <span>
      2
    </span>
    <span>
      <button
        className="button-inline"
        onClick={[Function]}
        type="button"
      >
        Dismiss
      </button>
    </span>
  </div>
</div>
`;
